// Jest Snapshot v1, https://goo.gl/fbAQLP

exports[`should render the text on the display 1`] = `
<div>
  <div
    class="layout"
  >
    <div
      class="header"
    >
      <img
        alt=""
        src="BackButton.svg"
      />
      <div
        class="header__container"
      >
        <div
          class="header__logo-title"
        >
          <img
            alt=""
            src="AppLogo.svg"
          />
          <h1
            class="header__title-local"
          >
            LOCAL
          </h1>
        </div>
      </div>
      <img
        alt="Menu icon"
        class="menu-icon"
        role="button"
        src="menu.svg"
      />
    </div>
    <div
      class="dropdown"
    >
      <div
        class="dropdown__item dropdown__item--primary"
        role="select"
        tabindex="0"
      >
        <p
          class="dropdown__item-name dropdown__item-name--primary"
        >
          All
        </p>
        <div
          class="dropdown__image-container"
        >
          <img
            alt="triangle"
            class="dropdown__arrow"
            src="triangleUpsideDown.svg"
          />
        </div>
      </div>
      <div
        class="dropdown__options"
      />
    </div>
    <div
      class="filter__list"
    >
      <button
        class="button button--filter"
      >
        FOOD & DRINK
      </button>
      <button
        class="button button--filter"
      >
        CULTURE
      </button>
      <button
        class="button button--filter"
      >
        OTHER
      </button>
    </div>
    <div
      class="card"
    >
      <div
        class="card__header-container"
      >
        <h2
          class="card__heading card__heading--food"
        >
          Medicine Bakery
        </h2>
        <div
          class="card__image-container"
        >
          <img
            alt=""
            class="card__image"
            src="forkIcon.svg"
          />
        </div>
      </div>
      <p
        class="card__text"
      >
        Medicine Bakery is a small, family-run bakery located in the city of Birmingham.
      </p>
      <p
        class="card__text card__text--adress"
      >
        69a New St, Birmingham B2 4DU
      </p>
      <div
        class="card__buttons-container"
      >
        <button
          class="button button--details"
        >
          Details
        </button>
        <button
          class="button button--remove"
        >
          Remove
        </button>
      </div>
    </div>
    <div
      class="card"
    >
      <div
        class="card__header-container"
      >
        <h2
          class="card__heading card__heading--culture"
        >
          La M C
        </h2>
        <div
          class="card__image-container"
        >
          <img
            alt=""
            class="card__image"
            src="paintIcon.svg"
          />
        </div>
      </div>
      <p
        class="card__text"
      >
        No description, try it works.com
      </p>
      <p
        class="card__text card__text--adress"
      >
        5 N Western arcade, Birmingham B2 5LH
      </p>
      <div
        class="card__buttons-container"
      >
        <button
          class="button button--details"
        >
          Details
        </button>
        <button
          class="button button--remove"
        >
          Remove
        </button>
      </div>
    </div>
    <div
      class="card"
    >
      <div
        class="card__header-container"
      >
        <h2
          class="card__heading card__heading--food"
        >
          The Indian Streatery
        </h2>
        <div
          class="card__image-container"
        >
          <img
            alt=""
            class="card__image"
            src="forkIcon.svg"
          />
        </div>
      </div>
      <p
        class="card__text"
      >
        A restaurant and Indian restaurant known for its delicious food and authentic flavors.
      </p>
      <p
        class="card__text card__text--adress"
      >
        21a Bennetts Hill, Birmingham B2 5QP
      </p>
      <div
        class="card__buttons-container"
      >
        <button
          class="button button--details"
        >
          Details
        </button>
        <button
          class="button button--remove"
        >
          Remove
        </button>
      </div>
    </div>
    <div
      class="card"
    >
      <div
        class="card__header-container"
      >
        <h2
          class="card__heading card__heading--food"
        >
          The Lost & Found Birmingham
        </h2>
        <div
          class="card__image-container"
        >
          <img
            alt=""
            class="card__image"
            src="forkIcon.svg"
          />
        </div>
      </div>
      <p
        class="card__text"
      >
        A pub, bar, and more, offering a wide range of drinks and a fun atmosphere.
      </p>
      <p
        class="card__text card__text--adress"
      >
        8 Bennetts Hill, Birmingham B2 5RS
      </p>
      <div
        class="card__buttons-container"
      >
        <button
          class="button button--details"
        >
          Details
        </button>
        <button
          class="button button--remove"
        >
          Remove
        </button>
      </div>
    </div>
    <div
      class="card"
    >
      <div
        class="card__header-container"
      >
        <h2
          class="card__heading card__heading--food"
        >
          Salt Dog Slim's
        </h2>
        <div
          class="card__image-container"
        >
          <img
            alt=""
            class="card__image"
            src="forkIcon.svg"
          />
        </div>
      </div>
      <p
        class="card__text"
      >
        This is a lively bar and restaurant that serves a variety of beers, wines, and cocktails, as well as classic pub food like burgers, sandwiches, and wings.
      </p>
      <p
        class="card__text card__text--adress"
      >
        79 Seel St, Liverpool L1 4BB
      </p>
      <div
        class="card__buttons-container"
      >
        <button
          class="button button--details"
        >
          Details
        </button>
        <button
          class="button button--remove"
        >
          Remove
        </button>
      </div>
    </div>
    <div
      class="card"
    >
      <div
        class="card__header-container"
      >
        <h2
          class="card__heading card__heading--other"
        >
          Scouse Bird Shop
        </h2>
        <div
          class="card__image-container"
        >
          <img
            alt=""
            class="card__image"
            src="other.svg"
          />
        </div>
      </div>
      <p
        class="card__text"
      >
        A fun and quirky shop featuring a range of products and gifts inspired by local culture and humor.
      </p>
      <p
        class="card__text card__text--adress"
      >
        31-33 Tarleton St, Liverpool L1 1DS
      </p>
      <div
        class="card__buttons-container"
      >
        <button
          class="button button--details"
        >
          Details
        </button>
        <button
          class="button button--remove"
        >
          Remove
        </button>
      </div>
    </div>
  </div>
</div>
`;
