// Jest Snapshot v1, https://goo.gl/fbAQLP

exports[`should render the text on the display 1`] = `
<div>
  <div
    class="layout"
  >
    <div
      class="layout__header"
    >
      <div
        class="header"
      >
        <img
          alt=""
          src="BackButton.svg"
        />
        <div
          class="header__container"
        >
          <div
            class="header__logo-title"
          >
            <img
              alt=""
              src="AppLogo.svg"
            />
            <h1
              class="header__title-local"
            >
              LOCAL
            </h1>
          </div>
        </div>
      </div>
      <img
        alt="Menu icon"
        src="menu.svg"
      />
    </div>
    <h1>
      Page Heading
    </h1>
    <h2>
      Section Heading
    </h2>
    <h3>
      Panel Heading
    </h3>
    <p>
      Lorem ipsum dolor, sit amet consectetur adipisicing elit. Non error dolor in nostrum minima odio a fuga saepe soluta adipisci perspiciatis maxime tempora, temporibus beatae voluptas repellat rerum. Dignissimos, necessitatibus.
    </p>
  </div>
</div>
`;
