// Jest Snapshot v1, https://goo.gl/fbAQLP

exports[`should render the text on the display 1`] = `
<div>
  <div
    class="layout"
  >
    <div
      class="header"
    >
      <img
        alt=""
        src="BackButton.svg"
      />
      <div
        class="header__container"
      >
        <div
          class="header__logo-title"
        >
          <img
            alt=""
            src="AppLogo.svg"
          />
          <h1
            class="header__title-local"
          >
            LOCAL
          </h1>
        </div>
      </div>
      <div
        class="menu-icon__container"
        role="button"
      >
        <svg
          alt="Menu-icon"
          class="menu-icon__icon"
          fill="none"
          height="30"
          viewBox="0 0 44 30"
          width="44"
          xmlns="http://www.w3.org/2000/svg"
        >
          <path
            d="M0 30H44V25H0V30ZM0 17.5H44V12.5H0V17.5ZM0 0V5H44V0H22H0Z"
            fill="black"
          />
        </svg>
      </div>
    </div>
    <div
      class="home__map-buttons"
    >
      <button
        class="button button--map-navigation-zoom"
      >
        +
      </button>
      <button
        class="button button--map-navigation-zoom"
      >
        -
      </button>
      <button
        class="button button--map-navigation"
      >
        List View
      </button>
    </div>
    <h1>
      Page Heading
    </h1>
    <h2>
      Section Heading
    </h2>
    <h3>
      Panel Heading
    </h3>
    <p>
      Lorem ipsum dolor, sit amet consectetur adipisicing elit. Non error dolor in nostrum minima odio a fuga saepe soluta adipisci perspiciatis maxime tempora, temporibus beatae voluptas repellat rerum. Dignissimos, necessitatibus.
    </p>
  </div>
</div>
`;
