// Jest Snapshot v1, https://goo.gl/fbAQLP

exports[`should render the text on the display 1`] = `
<div>
  <div
    class="card card--undefined"
  >
    <div
      class="card__header-container"
    >
      <h2
        class="card__heading card__heading--food"
      />
      <div
        class="card__image-container"
      >
        <img
          alt=""
          class="card__image"
          src="forkIcon.svg"
        />
      </div>
    </div>
    <p
      class="card__text"
    />
    <p
      class="card__text card__text--adress"
    >
      32 Camden Hill, Eeling, London
    </p>
    <div
      class="card__buttons-container"
    >
      <button
        class="button button--details"
      >
        Details
      </button>
      <button
        class="button button--remove"
      >
        Remove
      </button>
    </div>
  </div>
  <div
    class="card card--undefined"
  >
    <div
      class="card__header-container"
    >
      <h2
        class="card__heading card__heading--other"
      />
      <div
        class="card__image-container"
      >
        <img
          alt=""
          class="card__image"
          src="other.svg"
        />
      </div>
    </div>
    <p
      class="card__text"
    >
      Irish Bar, Great guines on tap.
    </p>
    <p
      class="card__text card__text--adress"
    >
      36 Lamden Hill, Eeling, London
    </p>
    <div
      class="card__buttons-container"
    >
      <button
        class="button button--details"
      >
        Details
      </button>
      <button
        class="button button--remove"
      >
        Remove
      </button>
    </div>
  </div>
  <div
    class="card card--undefined"
  >
    <div
      class="card__header-container"
    >
      <h2
        class="card__heading card__heading--culture"
      />
      <div
        class="card__image-container"
      >
        <img
          alt=""
          class="card__image"
          src="paintIcon.svg"
        />
      </div>
    </div>
    <p
      class="card__text"
    />
    <p
      class="card__text card__text--adress"
    >
      112 Backden Hill, Eeling, London
    </p>
    <div
      class="card__buttons-container"
    >
      <button
        class="button button--details"
      >
        Details
      </button>
      <button
        class="button button--remove"
      >
        Remove
      </button>
    </div>
  </div>
</div>
`;
