// Jest Snapshot v1, https://goo.gl/fbAQLP

exports[`should render the header on the page 1`] = `
<div>
  <div
    class="header"
  >
    <img
      alt=""
      src="BackButton.svg"
    />
    <div
      class="header__container"
    >
      <div
        class="header__logo-title"
      >
        <img
          alt=""
          src="AppLogo.svg"
        />
        <h1>
          LOCAL
        </h1>
      </div>
    </div>
  </div>
</div>
`;
