// Jest Snapshot v1, https://goo.gl/fbAQLP

exports[`should render the details pane on the display 1`] = `
<div>
  <div
    class="details-pane"
  >
    <div
      class="details-pane__container"
    >
      <div
        class="details-pane__header"
      >
        <h2>
          Smith and Sons
        </h2>
        <button
          class="button button--close"
        >
          ✖
        </button>
      </div>
      <p>
        A restaurant
      </p>
      <p>
        2
      </p>
      <p />
      <p>
        A street
      </p>
      <p>
        £
      </p>
      <p>
        insert here
      </p>
      <div
        class="details-pane__save-btn-container"
      >
        <button
          class="button button--undefined"
        />
      </div>
    </div>
  </div>
</div>
`;
